
[1m[7m[36m RUN [39m[27m[22m [36mv2.1.9 [39m[90mC:/code/spacegame/spacegame[39m

 [32mΓ£ô[39m __tests__/legacyCleanup.test.ts [2m([22m[2m11 tests[22m[2m)[22m[90m 6[2mms[22m[39m
 [32mΓ£ô[39m __tests__/menuTargets.test.ts [2m([22m[2m3 tests[22m[2m)[22m[90m 5[2mms[22m[39m
 [32mΓ£ô[39m __tests__/debugConfig.test.ts [2m([22m[2m3 tests[22m[2m)[22m[90m 6[2mms[22m[39m
 [31mΓ¥»[39m __tests__/collision.test.ts [2m([22m[2m3 tests[22m[2m | [22m[31m3 failed[39m[2m)[22m[90m 10[2mms[22m[39m
[31m   [31m├ù[31m segmentHitsCircle[2m > [22mdetects a fast-moving projectile passing through a target[90m 6[2mms[22m[31m[39m
[31m     ΓåÆ segmentHitsCircle is not a function[39m
[31m   [31m├ù[31m segmentHitsCircle[2m > [22mhandles tangential misses correctly[90m 1[2mms[22m[31m[39m
[31m     ΓåÆ segmentHitsCircle is not a function[39m
[31m   [31m├ù[31m segmentHitsCircle[2m > [22mworks when the projectile starts inside the target[90m 1[2mms[22m[31m[39m
[31m     ΓåÆ segmentHitsCircle is not a function[39m
 [31mΓ¥»[39m __tests__/phaseManager.test.ts [2m([22m[2m5 tests[22m[2m | [22m[31m5 failed[39m[2m)[22m[90m 19[2mms[22m[39m
[31m   [31m├ù[31m PhaseManager[2m > [22mtransitions from calibration to ready once stability time accrues[90m 12[2mms[22m[31m[39m
[31m     ΓåÆ expected 'TITLE' to be 'READY' // Object.is equality[39m
[31m   [31m├ù[31m PhaseManager[2m > [22mrequires a recent stable sample and start gesture to enter PLAYING[90m 2[2mms[22m[31m[39m
[31m     ΓåÆ expected 'TITLE' to be 'PLAYING' // Object.is equality[39m
[31m   [31m├ù[31m PhaseManager[2m > [22mmoves into PAUSED after a held palm and resumes with a start gesture[90m 1[2mms[22m[31m[39m
[31m     ΓåÆ expected 'TITLE' to be 'PLAYING' // Object.is equality[39m
[31m   [31m├ù[31m PhaseManager[2m > [22mlands in GAMEOVER when playtime exceeds the configured limit[90m 1[2mms[22m[31m[39m
[31m     ΓåÆ expected 'TITLE' to be 'GAMEOVER' // Object.is equality[39m
[31m   [31m├ù[31m PhaseManager[2m > [22mrejects invalid end calls when not playing[90m 2[2mms[22m[31m[39m
[31m     ΓåÆ expected 'TITLE' to be 'CALIBRATING' // Object.is equality[39m
 [31mΓ¥»[39m __tests__/combatLoop.test.ts [2m([22m[2m1 test[22m[2m | [22m[31m1 failed[39m[2m)[22m[90m 17[2mms[22m[39m
[31m   [31m├ù[31m CombatLoop integration[2m > [22mtracks spawn distribution and hull attrition over sustained play[90m 15[2mms[22m[31m[39m
[31m     ΓåÆ expected 0 to be greater than or equal to 6[39m
 [31mΓ¥»[39m __tests__/spawnScheduler.test.ts [2m([22m[2m2 tests[22m[2m | [22m[31m1 failed[39m[2m)[22m[90m 16[2mms[22m[39m
[31m   [31m├ù[31m SpawnScheduler[2m > [22mshifts curves and mixes kinds as difficulty ramps[90m 8[2mms[22m[31m[39m
[31m     ΓåÆ expected 0 to be greater than 0[39m
 [32mΓ£ô[39m __tests__/renderingShell.test.ts [2m([22m[2m3 tests[22m[2m)[22m[90m 11[2mms[22m[39m
 [31mΓ¥»[39m __tests__/diagnosticsMode.test.ts [2m([22m[2m1 test[22m[2m | [22m[31m1 failed[39m[2m)[22m[90m 12[2mms[22m[39m
[31m   [31m├ù[31m diagnostics pipeline[2m > [22mruns input, phase, and spawn systems without rendering[90m 11[2mms[22m[31m[39m
[31m     ΓåÆ Cannot read properties of undefined (reading 'length')[39m
 [31mΓ¥»[39m __tests__/inputProcessor.test.ts [2m([22m[2m3 tests[22m[2m | [22m[31m3 failed[39m[2m)[22m[90m 14[2mms[22m[39m
[31m   [31m├ù[31m InputProcessor[2m > [22mclassifies pinch, fist, and palm gestures deterministically[90m 10[2mms[22m[31m[39m
[31m     ΓåÆ Cannot read properties of undefined (reading 'length')[39m
[31m   [31m├ù[31m InputProcessor[2m > [22msmooths jitter while keeping cursor movement within the virtual pad[90m 1[2mms[22m[31m[39m
[31m     ΓåÆ Cannot read properties of undefined (reading 'length')[39m
[31m   [31m├ù[31m InputProcessor[2m > [22mmarks frames as stable when cursor drift is below the tolerance[90m 1[2mms[22m[31m[39m
[31m     ΓåÆ Cannot read properties of undefined (reading 'length')[39m
stderr | components/__tests__/AppShell.test.tsx
THREE.WARNING: Multiple instances of Three.js being imported.

 [31mΓ¥»[39m components/__tests__/HudOverlay.test.tsx [2m([22m[2m2 tests[22m[2m | [22m[31m2 failed[39m[2m)[22m[33m 470[2mms[22m[39m
[31m   [31m├ù[31m HudOverlay[2m > [22msurfaces score, hull, and lives with accessible labels[33m 460[2mms[22m[31m[39m
[31m     ΓåÆ Unable to find an accessible element with the role "status" and name `/lives/i`

Here are the accessible roles:

  region:

  Name "Player HUD":
  [36m<section[31m
    [33maria-label[31m=[32m"Player HUD"[31m
    [33mclass[31m=[32m"absolute inset-0 pointer-events-none p-4 md:p-6 flex flex-col justify-between z-10"[31m
  [36m/>[31m

  --------------------------------------------------
  banner:

  Name "":
  [36m<header[31m
    [33mclass[31m=[32m"flex flex-col md:flex-row md:items-start justify-between gap-4"[31m
  [36m/>[31m

  --------------------------------------------------
  paragraph:

  Name "":
  [36m<p[31m
    [33mclass[31m=[32m"text-[10px] uppercase tracking-[0.35em] text-cyan-400/80 font-bold"[31m
  [36m/>[31m

  Name "":
  [36m<p[31m
    [33mclass[31m=[32m"text-[10px] uppercase tracking-[0.35em] text-cyan-400/80 font-bold"[31m
  [36m/>[31m

  Name "Mult x2.5":
  [36m<p[31m
    [33maria-label[31m=[32m"Mult x2.5"[31m
    [33mclass[31m=[32m"text-2xl font-black text-white leading-tight drop-shadow-[0_0_10px_rgba(34,211,238,0.5)]"[31m
  [36m/>[31m

  Name "":
  [36m<p[31m
    [33mclass[31m=[32m"text-[10px] uppercase tracking-[0.35em] text-cyan-400/80 font-bold"[31m
  [36m/>[31m

  Name "Multiplier x2.5":
  [36m<p[31m
    [33maria-label[31m=[32m"Multiplier x2.5"[31m
    [33mclass[31m=[32m"text-2xl font-black text-white leading-tight drop-shadow-[0_0_10px_rgba(34,211,238,0.5)]"[31m
  [36m/>[31m

  Name "":
  [36m<p[31m
    [33mclass[31m=[32m"text-xs text-slate-300 leading-relaxed font-mono"[31m
  [36m/>[31m

  --------------------------------------------------
  status:

  Name "Score 12,450":
  [36m<p[31m
    [33maria-label[31m=[32m"Score 12,450"[31m
    [33mclass[31m=[32m"text-2xl font-black text-white leading-tight drop-shadow-[0_0_10px_rgba(34,211,238,0.5)]"[31m
    [33mrole[31m=[32m"status"[31m
  [36m/>[31m

  Name "":
  [36m<p[31m
    [33maria-live[31m=[32m"polite"[31m
    [33mclass[31m=[32m"sr-only"[31m
    [33mrole[31m=[32m"status"[31m
  [36m/>[31m

  --------------------------------------------------

Ignored nodes: comments, script, style
[36m<body>[31m
  [36m<div>[31m
    [36m<section[31m
      [33maria-label[31m=[32m"Player HUD"[31m
      [33mclass[31m=[32m"absolute inset-0 pointer-events-none p-4 md:p-6 flex flex-col justify-between z-10"[31m
    [36m>[31m
      [36m<header[31m
        [33mclass[31m=[32m"flex flex-col md:flex-row md:items-start justify-between gap-4"[31m
      [36m>[31m
        [36m<div[31m
          [33mclass[31m=[32m"flex items-center justify-between w-full md:w-auto md:justify-start md:gap-4"[31m
        [36m>[31m
          [36m<div[31m
            [33mclass[31m=[32m"bg-slate-950/40 backdrop-blur-md border border-white/10 rounded-lg p-3 shadow-lg ring-1 ring-cyan-500/20"[31m
          [36m>[31m
            [36m<p[31m
              [33mclass[31m=[32m"text-[10px] uppercase tracking-[0.35em] text-cyan-400/80 font-bold"[31m
            [36m>[31m
              [0mScore[0m
            [36m</p>[31m
            [36m<p[31m
              [33maria-label[31m=[32m"Score 12,450"[31m
              [33mclass[31m=[32m"text-2xl font-black text-white leading-tight drop-shadow-[0_0_10px_rgba(34,211,238,0.5)]"[31m
              [33mrole[31m=[32m"status"[31m
            [36m>[31m
              [0m12,450[0m
            [36m</p>[31m
          [36m</div>[31m
          [36m<div[31m
            [33mclass[31m=[32m"md:hidden"[31m
          [36m>[31m
            [36m<div[31m
              [33mclass[31m=[32m"bg-slate-950/40 backdrop-blur-md border border-white/10 rounded-lg p-3 shadow-lg ring-1 ring-cyan-500/20"[31m
            [36m>[31m
              [36m<p[31m
                [33mclass[31m=[32m"text-[10px] uppercase tracking-[0.35em] text-cyan-400/80 font-bold"[31m
              [36m>[31m
                [0mMult[0m
              [36m</p>[31m
              [36m<p[31m
                [33maria-label[31m=[32m"Mult x2.5"[31m
                [33mclass[31m=[32m"text-2xl font-black text-white leading-tight drop-shadow-[0_0_10px_rgba(34,211,238,0.5)]"[31m
              [36m>[31m
                [0mx2.5[0m
              [36m</p>[31m
            [36m</div>[31m
          [36m</div>[31m
          [36m<div[31m
            [33mclass[31m=[32m"hidden md:block"[31m
          [36m>[31m
            [36m<div[31m
              [33mclass[31m=[32m"bg-slate-950/40 backdrop-blur-md border border-white/10 rounded-lg p-3 shadow-lg ring-1 ring-cyan-500/20"[31m
            [36m>[31m
              [36m<p[31m
                [33mclass[31m=[32m"text-[10px] uppercase tracking-[0.35em] text-cyan-400/80 font-bold"[31m
              [36m>[31m
                [0mMultiplier[0m
              [36m</p>[31m
              [36m<p[31m
                [33maria-label[31m=[32m"Multiplier x2.5"[31m
                [33mclass[31m=[32m"text-2xl font-black text-white leading-tight drop-shadow-[0_0_10px_rgba(34,211,238,0.5)]"[31m
              [36m>[31m
                [0mx2.5[0m
              [36m</p>[31m
            [36m</div>[31m
          [36m</div>[31m
        [36m</div>[31m
        [36m<div[31m
          [33mclass[31m=[32m"flex flex-row md:flex-col items-center md:items-end justify-between md:justify-start w-full md:w-auto gap-2 md:gap-2"[31m
        [36m>[31m
          [36m<div[31m
            [33mclass[31m=[32m"bg-slate-950/60 backdrop-blur border border-red-500/30 px-3 py-1.5 md:px-4 md:py-2 rounded-full flex-1 md:flex-none"[31m
          [36m>[31m
            [36m<div[31m
              [33mclass[31m=[32m"flex items-center gap-2 md:gap-3"[31m
            [36m>[31m
              [36m<span[31m
                [33mclass[31m=[32m"text-[10px] uppercase tracking-widest text-red-400 whitespace-nowrap"[31m
              [36m>[31m
                [0mHull Integrity[0m
              [36m</span>[31m
              [36m<div[31m
                [33mclass[31m=[32m"w-full md:w-32 h-2 bg-slate-800 rounded-full overflow-hidden"[31m
              [36m>[31m
                [36m<div[31m
                  [33mclass[31m=[32m"h-full bg-gradient-to-r from-red-600 to-red-400 transition-all duration-300"[31m
                  [33mstyle[31m=[32m"width: 72%;"[31m
                [36m/>[31m
              [36m</div>[31m
              [36m<span[31m
                [33mclass[31m=[32m"font-mono text-red-200 text-xs"[31m
              [36m>[31m
                [0m72[0m
                [0m%[0m
              [36m</span>[31m
            [36m</div>[31m
          [36m</div>[31m
          [36m<div[31m
            [33mclass[31m=[32m"flex gap-1"[31m
          [36m>[31m
            [36m<div[31m
              [33mclass[31m=[32m"w-5 h-5 md:w-6 md:h-6 border border-cyan-500/50 bg-cyan-500/20 skew-x-[-12deg]"[31m
            [36m/>[31m
            [36m<div[31m
              [33mclass[31m=[32m"w-5 h-5 md:w-6 md:h-6 border border-cyan-500/50 bg-cyan-500/20 skew-x-[-12deg]"[31m
            [36m/>[31m
            [36m<div[31m
              [33mclass[31m=[32m"w-5 h-5 md:w-6 md:h-6 border border-cyan-500/50 bg-cyan-500/20 skew-x-[-12deg]"[31m
            [36m/>[31m
          [36m</div>[31m
        [36m</div>[31m
      [36m</header>[31m
      [36m<div[31m
        [33mclass[31m=[32m"hidden md:block self-start bg-slate-950/50 backdrop-blur-sm border border-white/5 p-4 rounded-xl max-w-sm pointer-events-auto"[31m
      [36m>[31m
        [36m<p[31m
          [33mclass[31m=[32m"text-xs text-slate-300 leading-relaxed font-mono"[31m
        [36m>[31m
          [36m<span[31m
            [33mclass[31m=[32m"text-cyan-400 block mb-1"[31m
          [36m>[31m
            [0m SYSTEM DIAGNOSTIC [0m
          [36m</span>[31m
          [0mVisual layer hydrated. Post-processing active. Input monitoring engaged.[0m
        [36m</p>[31m
      [36m</div>[31m
      [36m<p[31m
        [33maria-live[31m=[32m"polite"[31m
        [33mclass[31m=[32m"sr-only"[31m
        [33mrole[31m=[32m"status"[31m
      [36m>[31m
        [0mScore [0m
        [0m12,450[0m
        [0m. Lives [0m
        [0m3[0m
        [0m. Hull [0m
        [0m72[0m
        [0m percent. Multiplier [0m
        [0m2.5[0m
        [0mx.[0m
      [36m</p>[31m
    [36m</section>[31m
  [36m</div>[31m
[36m</body>[31m[39m
[31m   [31m├ù[31m HudOverlay[2m > [22mclamps hull values into a readable range for the meter and sr-only copy[90m 8[2mms[22m[31m[39m
[31m     ΓåÆ Unable to find an element with the text: /0%/. This could be because the text is broken up by multiple elements. In this case, you can provide a function for your text matcher to make your matcher more flexible.

Ignored nodes: comments, script, style
[36m<body>[31m
  [36m<div>[31m
    [36m<section[31m
      [33maria-label[31m=[32m"Player HUD"[31m
      [33mclass[31m=[32m"absolute inset-0 pointer-events-none p-4 md:p-6 flex flex-col justify-between z-10"[31m
    [36m>[31m
      [36m<header[31m
        [33mclass[31m=[32m"flex flex-col md:flex-row md:items-start justify-between gap-4"[31m
      [36m>[31m
        [36m<div[31m
          [33mclass[31m=[32m"flex items-center justify-between w-full md:w-auto md:justify-start md:gap-4"[31m
        [36m>[31m
          [36m<div[31m
            [33mclass[31m=[32m"bg-slate-950/40 backdrop-blur-md border border-white/10 rounded-lg p-3 shadow-lg ring-1 ring-cyan-500/20"[31m
          [36m>[31m
            [36m<p[31m
              [33mclass[31m=[32m"text-[10px] uppercase tracking-[0.35em] text-cyan-400/80 font-bold"[31m
            [36m>[31m
              [0mScore[0m
            [36m</p>[31m
            [36m<p[31m
              [33maria-label[31m=[32m"Score 12,450"[31m
              [33mclass[31m=[32m"text-2xl font-black text-white leading-tight drop-shadow-[0_0_10px_rgba(34,211,238,0.5)]"[31m
              [33mrole[31m=[32m"status"[31m
            [36m>[31m
              [0m12,450[0m
            [36m</p>[31m
          [36m</div>[31m
          [36m<div[31m
            [33mclass[31m=[32m"md:hidden"[31m
          [36m>[31m
            [36m<div[31m
              [33mclass[31m=[32m"bg-slate-950/40 backdrop-blur-md border border-white/10 rounded-lg p-3 shadow-lg ring-1 ring-cyan-500/20"[31m
            [36m>[31m
              [36m<p[31m
                [33mclass[31m=[32m"text-[10px] uppercase tracking-[0.35em] text-cyan-400/80 font-bold"[31m
              [36m>[31m
                [0mMult[0m
              [36m</p>[31m
              [36m<p[31m
                [33maria-label[31m=[32m"Mult x2.5"[31m
                [33mclass[31m=[32m"text-2xl font-black text-white leading-tight drop-shadow-[0_0_10px_rgba(34,211,238,0.5)]"[31m
              [36m>[31m
                [0mx2.5[0m
              [36m</p>[31m
            [36m</div>[31m
          [36m</div>[31m
          [36m<div[31m
            [33mclass[31m=[32m"hidden md:block"[31m
          [36m>[31m
            [36m<div[31m
              [33mclass[31m=[32m"bg-slate-950/40 backdrop-blur-md border border-white/10 rounded-lg p-3 shadow-lg ring-1 ring-cyan-500/20"[31m
            [36m>[31m
              [36m<p[31m
                [33mclass[31m=[32m"text-[10px] uppercase tracking-[0.35em] text-cyan-400/80 font-bold"[31m
              [36m>[31m
                [0mMultiplier[0m
              [36m</p>[31m
              [36m<p[31m
                [33maria-label[31m=[32m"Multiplier x2.5"[31m
                [33mclass[31m=[32m"text-2xl font-black text-white leading-tight drop-shadow-[0_0_10px_rgba(34,211,238,0.5)]"[31m
              [36m>[31m
                [0mx2.5[0m
              [36m</p>[31m
            [36m</div>[31m
          [36m</div>[31m
        [36m</div>[31m
        [36m<div[31m
          [33mclass[31m=[32m"flex flex-row md:flex-col items-center md:items-end justify-between md:justify-start w-full md:w-auto gap-2 md:gap-2"[31m
        [36m>[31m
          [36m<div[31m
            [33mclass[31m=[32m"bg-slate-950/60 backdrop-blur border border-red-500/30 px-3 py-1.5 md:px-4 md:py-2 rounded-full flex-1 md:flex-none"[31m
          [36m>[31m
            [36m<div[31m
              [33mclass[31m=[32m"flex items-center gap-2 md:gap-3"[31m
            [36m>[31m
              [36m<span[31m
                [33mclass[31m=[32m"text-[10px] uppercase tracking-widest text-red-400 whitespace-nowrap"[31m
              [36m>[31m
                [0mHull Integrity[0m
              [36m</span>[31m
              [36m<div[31m
                [33mclass[31m=[32m"w-full md:w-32 h-2 bg-slate-800 rounded-full overflow-hidden"[31m
              [36m>[31m
                [36m<div[31m
                  [33mclass[31m=[32m"h-full bg-gradient-to-r from-red-600 to-red-400 transition-all duration-300"[31m
                  [33mstyle[31m=[32m"width: 72%;"[31m
                [36m/>[31m
              [36m</div>[31m
              [36m<span[31m
                [33mclass[31m=[32m"font-mono text-red-200 text-xs"[31m
              [36m>[31m
                [0m72[0m
                [0m%[0m
              [36m</span>[31m
            [36m</div>[31m
          [36m</div>[31m
          [36m<div[31m
            [33mclass[31m=[32m"flex gap-1"[31m
          [36m>[31m
            [36m<div[31m
              [33mclass[31m=[32m"w-5 h-5 md:w-6 md:h-6 border border-cyan-500/50 bg-cyan-500/20 skew-x-[-12deg]"[31m
            [36m/>[31m
            [36m<div[31m
              [33mclass[31m=[32m"w-5 h-5 md:w-6 md:h-6 border border-cyan-500/50 bg-cyan-500/20 skew-x-[-12deg]"[31m
            [36m/>[31m
            [36m<div[31m
              [33mclass[31m=[32m"w-5 h-5 md:w-6 md:h-6 border border-cyan-500/50 bg-cyan-500/20 skew-x-[-12deg]"[31m
            [36m/>[31m
          [36m</div>[31m
        [36m</div>[31m
      [36m</header>[31m
      [36m<div[31m
        [33mclass[31m=[32m"hidden md:block self-start bg-slate-950/50 backdrop-blur-sm border border-white/5 p-4 rounded-xl max-w-sm pointer-events-auto"[31m
      [36m>[31m
        [36m<p[31m
          [33mclass[31m=[32m"text-xs text-slate-300 leading-relaxed font-mono"[31m
        [36m>[31m
          [36m<span[31m
            [33mclass[31m=[32m"text-cyan-400 block mb-1"[31m
          [36m>[31m
            [0m SYSTEM DIAGNOSTIC [0m
          [36m</span>[31m
          [0mVisual layer hydrated. Post-processing active. Input monitoring engaged.[0m
        [36m</p>[31m
      [36m</div>[31m
      [36m<p[31m
        [33maria-live[31m=[32m"polite"[31m
        [33mclass[31m=[32m"sr-only"[31m
        [33mrole[31m=[32m"status"[31m
      [36m>[31m
        [0mScore [0m
        [0m12,450[0m
        [0m. Lives [0m
        [0m3[0m
        [0m. Hull [0m
        [0m72[0m
        [0m percent. Multiplier [0m
        [0m2.5[0m
        [0mx.[0m
      [36m</p>[31m
    [36m</section>[31m
  [36m</div>[31m
  [36m<div>[31m
    [36m<section[31m
      [33maria-label[31m=[32m"HUD"[31m
      [33mclass[31m=[32m"absolute inset-0 pointer-events-none p-4 md:p-6 flex flex-col justify-between z-10"[31m
    [36m>[31m
      [36m<header[31m
        [33mclass[31m=[32m"flex flex-col md:flex-row md:items-start justify-between gap-4"[31m
      [36m>[31m
        [36m<div[31m
          [33mclass[31m=[32m"flex items-center justify-between w-full md:w-auto md:justify-start md:gap-4"[31m
        [36m>[31m
          [36m<div[31m
            [33mclass[31m=[32m"bg-slate-950/40 backdrop-blur-md border border-white/10 rounded-lg p-3 shadow-lg ring-1 ring-cyan-500/20"[31m
          [36m>[31m
            [36m<p[31m
              [33mclass[31m=[32m"text-[10px] uppercase tracking-[0.35em] text-cyan-400/80 font-bold"[31m
            [36m>[31m
              [0mScore[0m
            [36m</p>[31m
            [36m<p[31m
              [33maria-label[31m=[32m"Score 50"[31m
              [33mclass[31m=[32m"text-2xl font-black text-white leading-tight drop-shadow-[0_0_10px_rgba(34,211,238,0.5)]"[31m
              [33mrole[31m=[32m"status"[31m
            [36m>[31m
              [0m50[0m
            [36m</p>[31m
          [36m</div>[31m
          [36m<div[31m
            [33mclass[31m=[32m"md:hidden"[31m
          [36m>[31m
            [36m<div[31m
              [33mclass[31m=[32m"bg-slate-950/40 backdrop-blur-md border border-white/10 rounded-lg p-3 shadow-lg ring-1 ring-cyan-500/20"[31m
            [36m>[31m
              [36m<p[31m
                [33mclass[31m=[32m"text-[10px] uppercase tracking-[0.35em] text-cyan-400/80 font-bold"[31m
              [36m>[31m
                [0mMult[0m
              [36m</p>[31m
              [36m<p[31m
                [33maria-label[31m=[32m"Mult x1.0"[31m
                [33mclass[31m=[32m"text-2xl font-black text-white leading-tight drop-shadow-[0_0_10px_rgba(34,211,238,0.5)]"[31m
              [36m>[31m
                [0mx1.0[0m
              [36m</p>[31m
            [36m</div>[31m
          [36m</div>[31m
          [36m<div[31m
            [33mclass[31m=[32m"hidden md:block"[31m
          [36m>[31m
            [36m<div[31m
              [33mclass[31m=[32m"bg-slate-950/40 backdrop-blur-md border border-white/10 rounded-lg p-3 shadow-lg ring-1 ring-cyan-500/20"[31m
            [36m>[31m
              [36m<p[31m
                [33mclass[31m=[32m"text-[10px] uppercase tracking-[0.35em] text-cyan-400/80 font-bold"[31m
              [36m>[31m
                [0mMultiplier[0m
              [36m</p>[31m
              [36m<p[31m
                [33maria-label[31m=[32m"Multiplier x1.0"[31m
                [33mclass[31m=[32m"text-2xl font-black text-white leading-tight drop-shadow-[0_0_10px_rgba(34,211,238,0.5)]"[31m
              [36m>[31m
                [0mx1.0[0m
              [36m</p>[31m
            [36m</div>[31m
          [36m</div>[31m
        [36m</div>[31m
        [36m<div[31m
          [33mclass[31m=[32m"flex flex-row md:flex-col items-center md:items-end justify-between md:justify-start w-full md:w-auto gap-2 md:gap-2"[31m
        [36m>[31m
          [36m<div[31m
            [33mclass[31m=[32m"bg-slate-950/60 backdrop-blur border border-red-500/30 px-3 py-1.5 md:px-4 md:py-2 rounded-full flex-1 md:flex-none"[31m
          [36m>[31m
            [36m<div[31m
              [33mclass[31m=[32m"flex items-center gap-2 md:gap-3"[31m
            [36m>[31m
              [36m<span[31m
                [33mclass[31m=[32m"text-[10px] uppercase tracking-widest text-red-400 whitespace-nowrap"[31m
              [36m>[31m
                [0mHull Integrity[0m
              [36m</span>[31m
              [36m<div[31m
                [33mclass[31m=[32m"w-full md:w-32 h-2 bg-slate-800 rounded-full overflow-hidden"[31m
              [36m>[31m
                [36m<div[31m
                  [33mclass[31m=[32m"h-full bg-gradient-to-r from-red-600 to-red-400 transition-all duration-300"[31m
                  [33mstyle[31m=[32m"width: 0%;"[31m
                [36m/>[31m
              [36m</div>[31m
              [36m<span[31m
                [33mclass[31m=[32m"font-mono text-red-200 text-xs"[31m
              [36m>[31m
                [0m-12[0m
                [0m%[0m
              [36m</span>[31m
            [36m</div>[31m
          [36m</div>[31m
          [36m<div[31m
            [33mclass[31m=[32m"flex gap-1"[31m
          [36m>[31m
            [36m<div[31m
              [33mclass[31m=[32m"w-5 h-5 md:w-6 md:h-6 border border-cyan-500/50 bg-cyan-500/20 skew-x-[-12deg]"[31m
            [36m/>[31m
          [36m</div>[31m
        [36m</div>[31m
      [36m</header>[31m
      [36m<div[31m
        [33mclass[31m=[32m"hidden md:block self-start bg-slate-950/50 backdrop-blur-sm border border-white/5 p-4 rounded-xl max-w-sm pointer-events-auto"[31m
      [36m>[31m
        [36m<p[31m
          [33mclass[31m=[32m"text-xs text-slate-300 leading-relaxed font-mono"[31m
        [36m>[31m
          [36m<span[31m
            [33mclass[31m=[32m"text-cyan-400 block mb-1"[31m
          [36m>[31m
            [0m SYSTEM DIAGNOSTIC [0m
          [36m</span>[31m
          [0mVisual layer hydrated. Post-processing active. Input monitoring engaged.[0m
        [36m</p>[31m
      [36m</div>[31m
      [36m<p[31m
        [33maria-live[31m=[32m"polite"[31m
        [33mclass[31m=[32m"sr-only"[31m
        [33mrole[31m=[32m"status"[31m
      [36m>[31m
        [0mScore [0m
        [0m50[0m
        [0m. Lives [0m
        [0m1[0m
        [0m. Hull [0m
        [0m0[0m
        [0m percent. Multiplier [0m
        [0m1.0[0m
        [0mx.[0m
      [36m</p>[31m
    [36m</section>[31m
  [36m</div>[31m
[36m</body>[31m[39m
 [31mΓ¥»[39m components/__tests__/AppShell.test.tsx [2m([22m[2m2 tests[22m[2m | [22m[31m2 failed[39m[2m)[22m[90m 33[2mms[22m[39m
[31m   [31m├ù[31m App shell[2m > [22msurfaces the clean foundation copy[90m 27[2mms[22m[31m[39m
[31m     ΓåÆ This browser does not support ResizeObserver out of the box. See: https://github.com/react-spring/react-use-measure/#resize-observer-polyfills[39m
[31m   [31m├ù[31m App shell[2m > [22mlets the user cycle through placeholder screens[90m 4[2mms[22m[31m[39m
[31m     ΓåÆ This browser does not support ResizeObserver out of the box. See: https://github.com/react-spring/react-use-measure/#resize-observer-polyfills[39m

ΓÄ»ΓÄ»ΓÄ»ΓÄ»ΓÄ»ΓÄ» Failed Tests 18 ΓÄ»ΓÄ»ΓÄ»ΓÄ»ΓÄ»ΓÄ»ΓÄ»

 FAIL  __tests__/collision.test.ts > segmentHitsCircle > detects a fast-moving projectile passing through a target
TypeError: segmentHitsCircle is not a function
 Γ¥» __tests__/collision.test.ts:6:17
      4| describe('segmentHitsCircle', () => {
      5|   it('detects a fast-moving projectile passing through a target', () =ΓÇª
      6|     const hit = segmentHitsCircle({ x: 0, y: -5 }, { x: 0, y: 5 }, { xΓÇª
       |                 ^
      7|     expect(hit).toBe(true);
      8|   });

ΓÄ»ΓÄ»ΓÄ»ΓÄ»ΓÄ»ΓÄ»ΓÄ»ΓÄ»ΓÄ»ΓÄ»ΓÄ»ΓÄ»ΓÄ»ΓÄ»ΓÄ»ΓÄ»ΓÄ»ΓÄ»ΓÄ»ΓÄ»ΓÄ»ΓÄ»ΓÄ»[1/18]ΓÄ»

 FAIL  __tests__/collision.test.ts > segmentHitsCircle > handles tangential misses correctly
TypeError: segmentHitsCircle is not a function
 Γ¥» __tests__/collision.test.ts:11:17
      9| 
     10|   it('handles tangential misses correctly', () => {
     11|     const hit = segmentHitsCircle({ x: -1, y: 0 }, { x: 1, y: 0 }, { xΓÇª
       |                 ^
     12|     expect(hit).toBe(false);
     13|   });

ΓÄ»ΓÄ»ΓÄ»ΓÄ»ΓÄ»ΓÄ»ΓÄ»ΓÄ»ΓÄ»ΓÄ»ΓÄ»ΓÄ»ΓÄ»ΓÄ»ΓÄ»ΓÄ»ΓÄ»ΓÄ»ΓÄ»ΓÄ»ΓÄ»ΓÄ»ΓÄ»[2/18]ΓÄ»

 FAIL  __tests__/collision.test.ts > segmentHitsCircle > works when the projectile starts inside the target
TypeError: segmentHitsCircle is not a function
 Γ¥» __tests__/collision.test.ts:16:17
     14| 
     15|   it('works when the projectile starts inside the target', () => {
     16|     const hit = segmentHitsCircle({ x: 0, y: 0 }, { x: 3, y: 4 }, { x:ΓÇª
       |                 ^
     17|     expect(hit).toBe(true);
     18|   });

ΓÄ»ΓÄ»ΓÄ»ΓÄ»ΓÄ»ΓÄ»ΓÄ»ΓÄ»ΓÄ»ΓÄ»ΓÄ»ΓÄ»ΓÄ»ΓÄ»ΓÄ»ΓÄ»ΓÄ»ΓÄ»ΓÄ»ΓÄ»ΓÄ»ΓÄ»ΓÄ»[3/18]ΓÄ»

 FAIL  __tests__/combatLoop.test.ts > CombatLoop integration > tracks spawn distribution and hull attrition over sustained play
AssertionError: expected 0 to be greater than or equal to 6
 Γ¥» __tests__/combatLoop.test.ts:24:34
     22|     expect(summary.elapsedMs).toBe(65000);
     23|     expect(summary.spawns.drone).toBeGreaterThan(25);
     24|     expect(summary.spawns.scout).toBeGreaterThanOrEqual(6);
       |                                  ^
     25|     expect(summary.spawns.bomber).toBeGreaterThanOrEqual(2);
     26|     expect(summary.kills.drone + summary.kills.scout + summary.kills.bΓÇª

ΓÄ»ΓÄ»ΓÄ»ΓÄ»ΓÄ»ΓÄ»ΓÄ»ΓÄ»ΓÄ»ΓÄ»ΓÄ»ΓÄ»ΓÄ»ΓÄ»ΓÄ»ΓÄ»ΓÄ»ΓÄ»ΓÄ»ΓÄ»ΓÄ»ΓÄ»ΓÄ»[4/18]ΓÄ»

 FAIL  __tests__/diagnosticsMode.test.ts > diagnostics pipeline > runs input, phase, and spawn systems without rendering
TypeError: Cannot read properties of undefined (reading 'length')
 Γ¥» InputProcessor.handleFrame input/InputProcessor.ts:125:15
    123|     const { timestamp, hands } = result as { timestamp: number, hands:ΓÇª
    124| 
    125|     if (hands.length === 0) return;
       |               ^
    126| 
    127|     // SPATIAL ROLE ASSIGNMENT
 Γ¥» input/InputProcessor.ts:87:63
 Γ¥» input/HandTracker.ts:37:40
 Γ¥» InMemoryHandTracker.emit input/HandTracker.ts:37:20
 Γ¥» Module.runDiagnosticsPipeline observability/DiagnosticsHarness.ts:72:15
 Γ¥» __tests__/diagnosticsMode.test.ts:6:20

ΓÄ»ΓÄ»ΓÄ»ΓÄ»ΓÄ»ΓÄ»ΓÄ»ΓÄ»ΓÄ»ΓÄ»ΓÄ»ΓÄ»ΓÄ»ΓÄ»ΓÄ»ΓÄ»ΓÄ»ΓÄ»ΓÄ»ΓÄ»ΓÄ»ΓÄ»ΓÄ»[5/18]ΓÄ»

 FAIL  __tests__/inputProcessor.test.ts > InputProcessor > classifies pinch, fist, and palm gestures deterministically
TypeError: Cannot read properties of undefined (reading 'length')
 Γ¥» InputProcessor.handleFrame input/InputProcessor.ts:125:15
    123|     const { timestamp, hands } = result as { timestamp: number, hands:ΓÇª
    124| 
    125|     if (hands.length === 0) return;
       |               ^
    126| 
    127|     // SPATIAL ROLE ASSIGNMENT
 Γ¥» input/InputProcessor.ts:87:63
 Γ¥» input/HandTracker.ts:37:40
 Γ¥» InMemoryHandTracker.emit input/HandTracker.ts:37:20
 Γ¥» __tests__/inputProcessor.test.ts:14:13

ΓÄ»ΓÄ»ΓÄ»ΓÄ»ΓÄ»ΓÄ»ΓÄ»ΓÄ»ΓÄ»ΓÄ»ΓÄ»ΓÄ»ΓÄ»ΓÄ»ΓÄ»ΓÄ»ΓÄ»ΓÄ»ΓÄ»ΓÄ»ΓÄ»ΓÄ»ΓÄ»[6/18]ΓÄ»

 FAIL  __tests__/inputProcessor.test.ts > InputProcessor > smooths jitter while keeping cursor movement within the virtual pad
TypeError: Cannot read properties of undefined (reading 'length')
 Γ¥» InputProcessor.handleFrame input/InputProcessor.ts:125:15
    123|     const { timestamp, hands } = result as { timestamp: number, hands:ΓÇª
    124| 
    125|     if (hands.length === 0) return;
       |               ^
    126| 
    127|     // SPATIAL ROLE ASSIGNMENT
 Γ¥» input/InputProcessor.ts:87:63
 Γ¥» input/HandTracker.ts:37:40
 Γ¥» InMemoryHandTracker.emit input/HandTracker.ts:37:20
 Γ¥» __tests__/inputProcessor.test.ts:32:13

ΓÄ»ΓÄ»ΓÄ»ΓÄ»ΓÄ»ΓÄ»ΓÄ»ΓÄ»ΓÄ»ΓÄ»ΓÄ»ΓÄ»ΓÄ»ΓÄ»ΓÄ»ΓÄ»ΓÄ»ΓÄ»ΓÄ»ΓÄ»ΓÄ»ΓÄ»ΓÄ»[7/18]ΓÄ»

 FAIL  __tests__/inputProcessor.test.ts > InputProcessor > marks frames as stable when cursor drift is below the tolerance
TypeError: Cannot read properties of undefined (reading 'length')
 Γ¥» InputProcessor.handleFrame input/InputProcessor.ts:125:15
    123|     const { timestamp, hands } = result as { timestamp: number, hands:ΓÇª
    124| 
    125|     if (hands.length === 0) return;
       |               ^
    126| 
    127|     // SPATIAL ROLE ASSIGNMENT
 Γ¥» input/InputProcessor.ts:87:63
 Γ¥» input/HandTracker.ts:37:40
 Γ¥» InMemoryHandTracker.emit input/HandTracker.ts:37:20
 Γ¥» __tests__/inputProcessor.test.ts:58:13

ΓÄ»ΓÄ»ΓÄ»ΓÄ»ΓÄ»ΓÄ»ΓÄ»ΓÄ»ΓÄ»ΓÄ»ΓÄ»ΓÄ»ΓÄ»ΓÄ»ΓÄ»ΓÄ»ΓÄ»ΓÄ»ΓÄ»ΓÄ»ΓÄ»ΓÄ»ΓÄ»[8/18]ΓÄ»

 FAIL  __tests__/phaseManager.test.ts > PhaseManager > transitions from calibration to ready once stability time accrues
AssertionError: expected 'TITLE' to be 'READY' // Object.is equality

Expected: "READY"
Received: "TITLE"

 Γ¥» __tests__/phaseManager.test.ts:24:27
     22|     manager.ingest({ timestamp: 700, stable: true });
     23| 
     24|     expect(manager.phase).toBe('READY');
       |                           ^
     25|     expect(events).toContainEqual({
     26|       type: 'transition',

ΓÄ»ΓÄ»ΓÄ»ΓÄ»ΓÄ»ΓÄ»ΓÄ»ΓÄ»ΓÄ»ΓÄ»ΓÄ»ΓÄ»ΓÄ»ΓÄ»ΓÄ»ΓÄ»ΓÄ»ΓÄ»ΓÄ»ΓÄ»ΓÄ»ΓÄ»ΓÄ»[9/18]ΓÄ»

 FAIL  __tests__/phaseManager.test.ts > PhaseManager > requires a recent stable sample and start gesture to enter PLAYING
AssertionError: expected 'TITLE' to be 'PLAYING' // Object.is equality

Expected: "PLAYING"
Received: "TITLE"

 Γ¥» __tests__/phaseManager.test.ts:44:27
     42|     manager.ingest({ timestamp: 600, gesture: 'pinch' });
     43| 
     44|     expect(manager.phase).toBe('PLAYING');
       |                           ^
     45|     expect(events.at(-1)).toEqual({
     46|       type: 'transition',

ΓÄ»ΓÄ»ΓÄ»ΓÄ»ΓÄ»ΓÄ»ΓÄ»ΓÄ»ΓÄ»ΓÄ»ΓÄ»ΓÄ»ΓÄ»ΓÄ»ΓÄ»ΓÄ»ΓÄ»ΓÄ»ΓÄ»ΓÄ»ΓÄ»ΓÄ»[10/18]ΓÄ»

 FAIL  __tests__/phaseManager.test.ts > PhaseManager > moves into PAUSED after a held palm and resumes with a start gesture
AssertionError: expected 'TITLE' to be 'PLAYING' // Object.is equality

Expected: "PLAYING"
Received: "TITLE"

 Γ¥» __tests__/phaseManager.test.ts:80:27
     78|     manager.ingest({ timestamp: 700, gesture: 'pinch', stable: true });
     79| 
     80|     expect(manager.phase).toBe('PLAYING');
       |                           ^
     81| 
     82|     manager.ingest({ timestamp: 800, gesture: 'palm', stable: true });

ΓÄ»ΓÄ»ΓÄ»ΓÄ»ΓÄ»ΓÄ»ΓÄ»ΓÄ»ΓÄ»ΓÄ»ΓÄ»ΓÄ»ΓÄ»ΓÄ»ΓÄ»ΓÄ»ΓÄ»ΓÄ»ΓÄ»ΓÄ»ΓÄ»ΓÄ»[11/18]ΓÄ»

 FAIL  __tests__/phaseManager.test.ts > PhaseManager > lands in GAMEOVER when playtime exceeds the configured limit
AssertionError: expected 'TITLE' to be 'GAMEOVER' // Object.is equality

Expected: "GAMEOVER"
Received: "TITLE"

 Γ¥» __tests__/phaseManager.test.ts:105:27
    103|     manager.ingest({ timestamp: 1600, stable: true });
    104| 
    105|     expect(manager.phase).toBe('GAMEOVER');
       |                           ^
    106|     expect(events.at(-1)).toEqual({
    107|       type: 'transition',

ΓÄ»ΓÄ»ΓÄ»ΓÄ»ΓÄ»ΓÄ»ΓÄ»ΓÄ»ΓÄ»ΓÄ»ΓÄ»ΓÄ»ΓÄ»ΓÄ»ΓÄ»ΓÄ»ΓÄ»ΓÄ»ΓÄ»ΓÄ»ΓÄ»ΓÄ»[12/18]ΓÄ»

 FAIL  __tests__/phaseManager.test.ts > PhaseManager > rejects invalid end calls when not playing
AssertionError: expected 'TITLE' to be 'CALIBRATING' // Object.is equality

Expected: "CALIBRATING"
Received: "TITLE"

 Γ¥» __tests__/phaseManager.test.ts:122:27
    120|     manager.end('manual-end', 0);
    121| 
    122|     expect(manager.phase).toBe('CALIBRATING');
       |                           ^
    123|     expect(guardEvents.at(-1)).toEqual({
    124|       type: 'guard_rejected',

ΓÄ»ΓÄ»ΓÄ»ΓÄ»ΓÄ»ΓÄ»ΓÄ»ΓÄ»ΓÄ»ΓÄ»ΓÄ»ΓÄ»ΓÄ»ΓÄ»ΓÄ»ΓÄ»ΓÄ»ΓÄ»ΓÄ»ΓÄ»ΓÄ»ΓÄ»[13/18]ΓÄ»

 FAIL  __tests__/spawnScheduler.test.ts > SpawnScheduler > shifts curves and mixes kinds as difficulty ramps
AssertionError: expected 0 to be greater than 0
 Γ¥» __tests__/spawnScheduler.test.ts:39:26
     37| 
     38|     expect(counts.drone).toBeGreaterThan(counts.scout);
     39|     expect(counts.scout).toBeGreaterThan(0);
       |                          ^
     40|     expect(counts.bomber).toBeGreaterThan(0);
     41|   });

ΓÄ»ΓÄ»ΓÄ»ΓÄ»ΓÄ»ΓÄ»ΓÄ»ΓÄ»ΓÄ»ΓÄ»ΓÄ»ΓÄ»ΓÄ»ΓÄ»ΓÄ»ΓÄ»ΓÄ»ΓÄ»ΓÄ»ΓÄ»ΓÄ»ΓÄ»[14/18]ΓÄ»

 FAIL  components/__tests__/AppShell.test.tsx > App shell > surfaces the clean foundation copy
 FAIL  components/__tests__/AppShell.test.tsx > App shell > lets the user cycle through placeholder screens
Error: This browser does not support ResizeObserver out of the box. See: https://github.com/react-spring/react-use-measure/#resize-observer-polyfills
 Γ¥» Object.S [as default] node_modules/react-use-measure/src/index.ts:59:11
 Γ¥» CanvasImpl node_modules/@react-three/fiber/dist/react-three-fiber.cjs.dev.js:71:71
 Γ¥» Object.react_stack_bottom_frame node_modules/react-dom/cjs/react-dom-client.development.js:25904:20
 Γ¥» renderWithHooks node_modules/react-dom/cjs/react-dom-client.development.js:7662:22
 Γ¥» updateFunctionComponent node_modules/react-dom/cjs/react-dom-client.development.js:10166:19
 Γ¥» beginWork node_modules/react-dom/cjs/react-dom-client.development.js:11778:18
 Γ¥» runWithFiberInDEV node_modules/react-dom/cjs/react-dom-client.development.js:874:13
 Γ¥» performUnitOfWork node_modules/react-dom/cjs/react-dom-client.development.js:17641:22
 Γ¥» workLoopSync node_modules/react-dom/cjs/react-dom-client.development.js:17469:41
 Γ¥» renderRootSync node_modules/react-dom/cjs/react-dom-client.development.js:17450:11

ΓÄ»ΓÄ»ΓÄ»ΓÄ»ΓÄ»ΓÄ»ΓÄ»ΓÄ»ΓÄ»ΓÄ»ΓÄ»ΓÄ»ΓÄ»ΓÄ»ΓÄ»ΓÄ»ΓÄ»ΓÄ»ΓÄ»ΓÄ»ΓÄ»ΓÄ»[15/18]ΓÄ»

 FAIL  components/__tests__/HudOverlay.test.tsx > HudOverlay > surfaces score, hull, and lives with accessible labels
TestingLibraryElementError: Unable to find an accessible element with the role "status" and name `/lives/i`

Here are the accessible roles:

  region:

  Name "Player HUD":
  <section
    aria-label="Player HUD"
    class="absolute inset-0 pointer-events-none p-4 md:p-6 flex flex-col justify-between z-10"
  />

  --------------------------------------------------
  banner:

  Name "":
  <header
    class="flex flex-col md:flex-row md:items-start justify-between gap-4"
  />

  --------------------------------------------------
  paragraph:

  Name "":
  <p
    class="text-[10px] uppercase tracking-[0.35em] text-cyan-400/80 font-bold"
  />

  Name "":
  <p
    class="text-[10px] uppercase tracking-[0.35em] text-cyan-400/80 font-bold"
  />

  Name "Mult x2.5":
  <p
    aria-label="Mult x2.5"
    class="text-2xl font-black text-white leading-tight drop-shadow-[0_0_10px_rgba(34,211,238,0.5)]"
  />

  Name "":
  <p
    class="text-[10px] uppercase tracking-[0.35em] text-cyan-400/80 font-bold"
  />

  Name "Multiplier x2.5":
  <p
    aria-label="Multiplier x2.5"
    class="text-2xl font-black text-white leading-tight drop-shadow-[0_0_10px_rgba(34,211,238,0.5)]"
  />

  Name "":
  <p
    class="text-xs text-slate-300 leading-relaxed font-mono"
  />

  --------------------------------------------------
  status:

  Name "Score 12,450":
  <p
    aria-label="Score 12,450"
    class="text-2xl font-black text-white leading-tight drop-shadow-[0_0_10px_rgba(34,211,238,0.5)]"
    role="status"
  />

  Name "":
  <p
    aria-live="polite"
    class="sr-only"
    role="status"
  />

  --------------------------------------------------

Ignored nodes: comments, script, style
<body>
  <div>
    <section
      aria-label="Player HUD"
      class="absolute inset-0 pointer-events-none p-4 md:p-6 flex flex-col justify-between z-10"
    >
      <header
        class="flex flex-col md:flex-row md:items-start justify-between gap-4"
      >
        <div
          class="flex items-center justify-between w-full md:w-auto md:justify-start md:gap-4"
        >
          <div
            class="bg-slate-950/40 backdrop-blur-md border border-white/10 rounded-lg p-3 shadow-lg ring-1 ring-cyan-500/20"
          >
            <p
              class="text-[10px] uppercase tracking-[0.35em] text-cyan-400/80 font-bold"
            >
              Score
            </p>
            <p
              aria-label="Score 12,450"
              class="text-2xl font-black text-white leading-tight drop-shadow-[0_0_10px_rgba(34,211,238,0.5)]"
              role="status"
            >
              12,450
            </p>
          </div>
          <div
            class="md:hidden"
          >
            <div
              class="bg-slate-950/40 backdrop-blur-md border border-white/10 rounded-lg p-3 shadow-lg ring-1 ring-cyan-500/20"
            >
              <p
                class="text-[10px] uppercase tracking-[0.35em] text-cyan-400/80 font-bold"
              >
                Mult
              </p>
              <p
                aria-label="Mult x2.5"
                class="text-2xl font-black text-white leading-tight drop-shadow-[0_0_10px_rgba(34,211,238,0.5)]"
              >
                x2.5
              </p>
            </div>
          </div>
          <div
            class="hidden md:block"
          >
            <div
              class="bg-slate-950/40 backdrop-blur-md border border-white/10 rounded-lg p-3 shadow-lg ring-1 ring-cyan-500/20"
            >
              <p
                class="text-[10px] uppercase tracking-[0.35em] text-cyan-400/80 font-bold"
              >
                Multiplier
              </p>
              <p
                aria-label="Multiplier x2.5"
                class="text-2xl font-black text-white leading-tight drop-shadow-[0_0_10px_rgba(34,211,238,0.5)]"
              >
                x2.5
              </p>
            </div>
          </div>
        </div>
        <div
          class="flex flex-row md:flex-col items-center md:items-end justify-between md:justify-start w-full md:w-auto gap-2 md:gap-2"
        >
          <div
            class="bg-slate-950/60 backdrop-blur border border-red-500/30 px-3 py-1.5 md:px-4 md:py-2 rounded-full flex-1 md:flex-none"
          >
            <div
              class="flex items-center gap-2 md:gap-3"
            >
              <span
                class="text-[10px] uppercase tracking-widest text-red-400 whitespace-nowrap"
              >
                Hull Integrity
              </span>
              <div
                class="w-full md:w-32 h-2 bg-slate-800 rounded-full overflow-hidden"
              >
                <div
                  class="h-full bg-gradient-to-r from-red-600 to-red-400 transition-all duration-300"
                  style="width: 72%;"
                />
              </div>
              <span
                class="font-mono text-red-200 text-xs"
              >
                72
                %
              </span>
            </div>
          </div>
          <div
            class="flex gap-1"
          >
            <div
              class="w-5 h-5 md:w-6 md:h-6 border border-cyan-500/50 bg-cyan-500/20 skew-x-[-12deg]"
            />
            <div
              class="w-5 h-5 md:w-6 md:h-6 border border-cyan-500/50 bg-cyan-500/20 skew-x-[-12deg]"
            />
            <div
              class="w-5 h-5 md:w-6 md:h-6 border border-cyan-500/50 bg-cyan-500/20 skew-x-[-12deg]"
            />
          </div>
        </div>
      </header>
      <div
        class="hidden md:block self-start bg-slate-950/50 backdrop-blur-sm border border-white/5 p-4 rounded-xl max-w-sm pointer-events-auto"
      >
        <p
          class="text-xs text-slate-300 leading-relaxed font-mono"
        >
          <span
            class="text-cyan-400 block mb-1"
          >
             SYSTEM DIAGNOSTIC 
          </span>
          Visual layer hydrated. Post-processing active. Input monitoring engaged.
        </p>
      </div>
      <p
        aria-live="polite"
        class="sr-only"
        role="status"
      >
        Score 
        12,450
        . Lives 
        3
        . Hull 
        72
         percent. Multiplier 
        2.5
        x.
      </p>
    </section>
  </div>
</body>
 Γ¥» Object.getElementError node_modules/@testing-library/dom/dist/config.js:37:19
 Γ¥» node_modules/@testing-library/dom/dist/query-helpers.js:76:38
 Γ¥» node_modules/@testing-library/dom/dist/query-helpers.js:52:17
 Γ¥» node_modules/@testing-library/dom/dist/query-helpers.js:95:19
 Γ¥» components/__tests__/HudOverlay.test.tsx:12:19
     10|     expect(screen.getByRole('region', { name: /player hud/i })).toBeInΓÇª
     11|     expect(screen.getByRole('status', { name: /score/i })).toHaveTextCΓÇª
     12|     expect(screen.getByRole('status', { name: /lives/i })).toHaveTextCΓÇª
       |                   ^
     13|     expect(screen.getByText(/72%/)).toBeInTheDocument();
     14|     expect(screen.getByLabelText(/multiplier x2.5/i)).toBeInTheDocumenΓÇª

ΓÄ»ΓÄ»ΓÄ»ΓÄ»ΓÄ»ΓÄ»ΓÄ»ΓÄ»ΓÄ»ΓÄ»ΓÄ»ΓÄ»ΓÄ»ΓÄ»ΓÄ»ΓÄ»ΓÄ»ΓÄ»ΓÄ»ΓÄ»ΓÄ»ΓÄ»[16/18]ΓÄ»

 FAIL  components/__tests__/HudOverlay.test.tsx > HudOverlay > clamps hull values into a readable range for the meter and sr-only copy
TestingLibraryElementError: Unable to find an element with the text: /0%/. This could be because the text is broken up by multiple elements. In this case, you can provide a function for your text matcher to make your matcher more flexible.

Ignored nodes: comments, script, style
<body>
  <div>
    <section
      aria-label="Player HUD"
      class="absolute inset-0 pointer-events-none p-4 md:p-6 flex flex-col justify-between z-10"
    >
      <header
        class="flex flex-col md:flex-row md:items-start justify-between gap-4"
      >
        <div
          class="flex items-center justify-between w-full md:w-auto md:justify-start md:gap-4"
        >
          <div
            class="bg-slate-950/40 backdrop-blur-md border border-white/10 rounded-lg p-3 shadow-lg ring-1 ring-cyan-500/20"
          >
            <p
              class="text-[10px] uppercase tracking-[0.35em] text-cyan-400/80 font-bold"
            >
              Score
            </p>
            <p
              aria-label="Score 12,450"
              class="text-2xl font-black text-white leading-tight drop-shadow-[0_0_10px_rgba(34,211,238,0.5)]"
              role="status"
            >
              12,450
            </p>
          </div>
          <div
            class="md:hidden"
          >
            <div
              class="bg-slate-950/40 backdrop-blur-md border border-white/10 rounded-lg p-3 shadow-lg ring-1 ring-cyan-500/20"
            >
              <p
                class="text-[10px] uppercase tracking-[0.35em] text-cyan-400/80 font-bold"
              >
                Mult
              </p>
              <p
                aria-label="Mult x2.5"
                class="text-2xl font-black text-white leading-tight drop-shadow-[0_0_10px_rgba(34,211,238,0.5)]"
              >
                x2.5
              </p>
            </div>
          </div>
          <div
            class="hidden md:block"
          >
            <div
              class="bg-slate-950/40 backdrop-blur-md border border-white/10 rounded-lg p-3 shadow-lg ring-1 ring-cyan-500/20"
            >
              <p
                class="text-[10px] uppercase tracking-[0.35em] text-cyan-400/80 font-bold"
              >
                Multiplier
              </p>
              <p
                aria-label="Multiplier x2.5"
                class="text-2xl font-black text-white leading-tight drop-shadow-[0_0_10px_rgba(34,211,238,0.5)]"
              >
                x2.5
              </p>
            </div>
          </div>
        </div>
        <div
          class="flex flex-row md:flex-col items-center md:items-end justify-between md:justify-start w-full md:w-auto gap-2 md:gap-2"
        >
          <div
            class="bg-slate-950/60 backdrop-blur border border-red-500/30 px-3 py-1.5 md:px-4 md:py-2 rounded-full flex-1 md:flex-none"
          >
            <div
              class="flex items-center gap-2 md:gap-3"
            >
              <span
                class="text-[10px] uppercase tracking-widest text-red-400 whitespace-nowrap"
              >
                Hull Integrity
              </span>
              <div
                class="w-full md:w-32 h-2 bg-slate-800 rounded-full overflow-hidden"
              >
                <div
                  class="h-full bg-gradient-to-r from-red-600 to-red-400 transition-all duration-300"
                  style="width: 72%;"
                />
              </div>
              <span
                class="font-mono text-red-200 text-xs"
              >
                72
                %
              </span>
            </div>
          </div>
          <div
            class="flex gap-1"
          >
            <div
              class="w-5 h-5 md:w-6 md:h-6 border border-cyan-500/50 bg-cyan-500/20 skew-x-[-12deg]"
            />
            <div
              class="w-5 h-5 md:w-6 md:h-6 border border-cyan-500/50 bg-cyan-500/20 skew-x-[-12deg]"
            />
            <div
              class="w-5 h-5 md:w-6 md:h-6 border border-cyan-500/50 bg-cyan-500/20 skew-x-[-12deg]"
            />
          </div>
        </div>
      </header>
      <div
        class="hidden md:block self-start bg-slate-950/50 backdrop-blur-sm border border-white/5 p-4 rounded-xl max-w-sm pointer-events-auto"
      >
        <p
          class="text-xs text-slate-300 leading-relaxed font-mono"
        >
          <span
            class="text-cyan-400 block mb-1"
          >
             SYSTEM DIAGNOSTIC 
          </span>
          Visual layer hydrated. Post-processing active. Input monitoring engaged.
        </p>
      </div>
      <p
        aria-live="polite"
        class="sr-only"
        role="status"
      >
        Score 
        12,450
        . Lives 
        3
        . Hull 
        72
         percent. Multiplier 
        2.5
        x.
      </p>
    </section>
  </div>
  <div>
    <section
      aria-label="HUD"
      class="absolute inset-0 pointer-events-none p-4 md:p-6 flex flex-col justify-between z-10"
    >
      <header
        class="flex flex-col md:flex-row md:items-start justify-between gap-4"
      >
        <div
          class="flex items-center justify-between w-full md:w-auto md:justify-start md:gap-4"
        >
          <div
            class="bg-slate-950/40 backdrop-blur-md border border-white/10 rounded-lg p-3 shadow-lg ring-1 ring-cyan-500/20"
          >
            <p
              class="text-[10px] uppercase tracking-[0.35em] text-cyan-400/80 font-bold"
            >
              Score
            </p>
            <p
              aria-label="Score 50"
              class="text-2xl font-black text-white leading-tight drop-shadow-[0_0_10px_rgba(34,211,238,0.5)]"
              role="status"
            >
              50
            </p>
          </div>
          <div
            class="md:hidden"
          >
            <div
              class="bg-slate-950/40 backdrop-blur-md border border-white/10 rounded-lg p-3 shadow-lg ring-1 ring-cyan-500/20"
            >
              <p
                class="text-[10px] uppercase tracking-[0.35em] text-cyan-400/80 font-bold"
              >
                Mult
              </p>
              <p
                aria-label="Mult x1.0"
                class="text-2xl font-black text-white leading-tight drop-shadow-[0_0_10px_rgba(34,211,238,0.5)]"
              >
                x1.0
              </p>
            </div>
          </div>
          <div
            class="hidden md:block"
          >
            <div
              class="bg-slate-950/40 backdrop-blur-md border border-white/10 rounded-lg p-3 shadow-lg ring-1 ring-cyan-500/20"
            >
              <p
                class="text-[10px] uppercase tracking-[0.35em] text-cyan-400/80 font-bold"
              >
                Multiplier
              </p>
              <p
                aria-label="Multiplier x1.0"
                class="text-2xl font-black text-white leading-tight drop-shadow-[0_0_10px_rgba(34,211,238,0.5)]"
              >
                x1.0
              </p>
            </div>
          </div>
        </div>
        <div
          class="flex flex-row md:flex-col items-center md:items-end justify-between md:justify-start w-full md:w-auto gap-2 md:gap-2"
        >
          <div
            class="bg-slate-950/60 backdrop-blur border border-red-500/30 px-3 py-1.5 md:px-4 md:py-2 rounded-full flex-1 md:flex-none"
          >
            <div
              class="flex items-center gap-2 md:gap-3"
            >
              <span
                class="text-[10px] uppercase tracking-widest text-red-400 whitespace-nowrap"
              >
                Hull Integrity
              </span>
              <div
                class="w-full md:w-32 h-2 bg-slate-800 rounded-full overflow-hidden"
              >
                <div
                  class="h-full bg-gradient-to-r from-red-600 to-red-400 transition-all duration-300"
                  style="width: 0%;"
                />
              </div>
              <span
                class="font-mono text-red-200 text-xs"
              >
                -12
                %
              </span>
            </div>
          </div>
          <div
            class="flex gap-1"
          >
            <div
              class="w-5 h-5 md:w-6 md:h-6 border border-cyan-500/50 bg-cyan-500/20 skew-x-[-12deg]"
            />
          </div>
        </div>
      </header>
      <div
        class="hidden md:block self-start bg-slate-950/50 backdrop-blur-sm border border-white/5 p-4 rounded-xl max-w-sm pointer-events-auto"
      >
        <p
          class="text-xs text-slate-300 leading-relaxed font-mono"
        >
          <span
            class="text-cyan-400 block mb-1"
          >
             SYSTEM DIAGNOSTIC 
          </span>
          Visual layer hydrated. Post-processing active. Input monitoring engaged.
        </p>
      </div>
      <p
        aria-live="polite"
        class="sr-only"
        role="status"
      >
        Score 
        50
        . Lives 
        1
        . Hull 
        0
         percent. Multiplier 
        1.0
        x.
      </p>
    </section>
  </div>
</body>
 Γ¥» Object.getElementError node_modules/@testing-library/dom/dist/config.js:37:19
 Γ¥» node_modules/@testing-library/dom/dist/query-helpers.js:76:38
 Γ¥» node_modules/@testing-library/dom/dist/query-helpers.js:52:17
 Γ¥» node_modules/@testing-library/dom/dist/query-helpers.js:95:19
 Γ¥» components/__tests__/HudOverlay.test.tsx:20:19
     18|     render(<HudOverlay score={50} hull={-12} lives={1} multiplier={1} ΓÇª
     19| 
     20|     expect(screen.getByText(/0%/)).toBeInTheDocument();
       |                   ^
     21|     expect(screen.getByText(/Hull integrity at 0 percent/i)).toBeInTheΓÇª
     22|     expect(screen.getByText(/Score 50/i)).toBeInTheDocument();

ΓÄ»ΓÄ»ΓÄ»ΓÄ»ΓÄ»ΓÄ»ΓÄ»ΓÄ»ΓÄ»ΓÄ»ΓÄ»ΓÄ»ΓÄ»ΓÄ»ΓÄ»ΓÄ»ΓÄ»ΓÄ»ΓÄ»ΓÄ»ΓÄ»ΓÄ»[17/18]ΓÄ»

[2m Test Files [22m [1m[31m8 failed[39m[22m[2m | [22m[1m[32m4 passed[39m[22m[90m (12)[39m
[2m      Tests [22m [1m[31m18 failed[39m[22m[2m | [22m[1m[32m21 passed[39m[22m[90m (39)[39m
[2m   Start at [22m 23:08:05
[2m   Duration [22m 4.02s[2m (transform 1.03s, setup 3.15s, collect 2.47s, tests 618ms, environment 25.25s, prepare 5.07s)[22m

